./test.log.20211117